[debug] [2026-08-10T15:56:51.106Z] ----------------------------------------------------------------------
[debug] [2026-08-10T15:56:51.109Z] Command:       C:\Program Files\nodejs\node.exe C:\Users\Accesorizate1\AppData\Local\npm-cache\_npx\7750544ccf494d8b\node_modules\firebase-tools\lib\bin\firebase.js deploy --only hosting
[debug] [2026-08-10T15:56:51.109Z] CLI Version:   15.26.0
[debug] [2026-08-10T15:56:51.109Z] Platform:      win32
[debug] [2026-08-10T15:56:51.109Z] Node Version:  v24.14.0
[debug] [2026-08-10T15:56:51.109Z] Detected Agent: antigravity
[debug] [2026-08-10T15:56:51.110Z] Time:          Mon Aug 10 2026 09:56:51 GMT-0600 (hora estándar central)
[debug] [2026-08-10T15:56:51.110Z] ----------------------------------------------------------------------
[debug] 
[debug] [2026-08-10T15:56:51.124Z] >>> [apiv2][query] GET https://firebase-public.firebaseio.com/cli.json [none]
[debug] [2026-08-10T15:56:52.811Z] > command requires scopes: ["email","openid","https://www.googleapis.com/auth/cloudplatformprojects.readonly","https://www.googleapis.com/auth/firebase","https://www.googleapis.com/auth/cloud-platform"]
[debug] [2026-08-10T15:56:52.811Z] > authorizing via signed-in user (accesorizatematriz@gmail.com)
[debug] [2026-08-10T15:56:52.811Z] [iam] checking project surtido-almacen for permissions ["firebase.projects.get","firebasehosting.sites.update"]
[debug] [2026-08-10T15:56:52.812Z] Checked if tokens are valid: false, expires at: 1786234399880
[debug] [2026-08-10T15:56:52.812Z] Checked if tokens are valid: false, expires at: 1786234399880
[debug] [2026-08-10T15:56:52.812Z] > refreshing access token with scopes: []
[debug] [2026-08-10T15:56:52.813Z] >>> [apiv2][query] POST https://www.googleapis.com/oauth2/v3/token [none]
[debug] [2026-08-10T15:56:52.814Z] >>> [apiv2][body] POST https://www.googleapis.com/oauth2/v3/token [omitted]
[debug] [2026-08-10T15:56:52.993Z] <<< [apiv2][status] GET https://firebase-public.firebaseio.com/cli.json 200
[debug] [2026-08-10T15:56:52.993Z] <<< [apiv2][body] GET https://firebase-public.firebaseio.com/cli.json {"cloudBuildErrorAfter":1594252800000,"cloudBuildWarnAfter":1590019200000,"defaultNode10After":1594252800000,"minVersion":"3.0.5","node8DeploysDisabledAfter":1613390400000,"node8RuntimeDisabledAfter":1615809600000,"node8WarnAfter":1600128000000}
[debug] [2026-08-10T15:56:53.057Z] <<< [apiv2][status] POST https://www.googleapis.com/oauth2/v3/token 200
[debug] [2026-08-10T15:56:53.057Z] <<< [apiv2][body] POST https://www.googleapis.com/oauth2/v3/token [omitted]
[debug] [2026-08-10T15:56:53.065Z] >>> [apiv2][query] POST https://cloudresourcemanager.googleapis.com/v1/projects/surtido-almacen:testIamPermissions [none]
[debug] [2026-08-10T15:56:53.065Z] >>> [apiv2][(partial)header] POST https://cloudresourcemanager.googleapis.com/v1/projects/surtido-almacen:testIamPermissions  x-goog-user-project=surtido-almacen
[debug] [2026-08-10T15:56:53.066Z] >>> [apiv2][body] POST https://cloudresourcemanager.googleapis.com/v1/projects/surtido-almacen:testIamPermissions {"permissions":["firebase.projects.get","firebasehosting.sites.update"]}
[debug] [2026-08-10T15:56:53.478Z] <<< [apiv2][status] POST https://cloudresourcemanager.googleapis.com/v1/projects/surtido-almacen:testIamPermissions 403
[debug] [2026-08-10T15:56:53.478Z] <<< [apiv2][body] POST https://cloudresourcemanager.googleapis.com/v1/projects/surtido-almacen:testIamPermissions {"error":{"code":403,"message":"Caller does not have required permission to use project surtido-almacen. Grant the caller the roles/serviceusage.serviceUsageConsumer role, or a custom role with the serviceusage.services.use permission, by visiting https://console.developers.google.com/iam-admin/iam?project=surtido-almacen and then retry. Propagation of the new permission may take a few minutes.","status":"PERMISSION_DENIED","details":[{"@type":"type.googleapis.com/google.rpc.ErrorInfo","reason":"USER_PROJECT_DENIED","domain":"googleapis.com","metadata":{"consoleUrl":"https://console.developers.google.com/iam-admin/iam?project=surtido-almacen","consumer":"projects/surtido-almacen","containerInfo":"surtido-almacen","service":"cloudresourcemanager.googleapis.com"}},{"@type":"type.googleapis.com/google.rpc.LocalizedMessage","locale":"en-US","message":"Caller does not have required permission to use project surtido-almacen. Grant the caller the roles/serviceusage.serviceUsageConsumer role, or a custom role with the serviceusage.services.use permission, by visiting https://console.developers.google.com/iam-admin/iam?project=surtido-almacen and then retry. Propagation of the new permission may take a few minutes."},{"@type":"type.googleapis.com/google.rpc.Help","links":[{"description":"Google developer console IAM admin","url":"https://console.developers.google.com/iam-admin/iam?project=surtido-almacen"}]}]}}
[debug] [2026-08-10T15:56:53.481Z] [iam] error while checking permissions, command may fail: Request to https://cloudresourcemanager.googleapis.com/v1/projects/surtido-almacen:testIamPermissions had HTTP Error: 403, Caller does not have required permission to use project surtido-almacen. Grant the caller the roles/serviceusage.serviceUsageConsumer role, or a custom role with the serviceusage.services.use permission, by visiting https://console.developers.google.com/iam-admin/iam?project=surtido-almacen and then retry. Propagation of the new permission may take a few minutes.
[debug] [2026-08-10T15:56:53.483Z] Checked if tokens are valid: true, expires at: 1786381012057
[debug] [2026-08-10T15:56:53.483Z] Checked if tokens are valid: true, expires at: 1786381012057
[debug] [2026-08-10T15:56:53.483Z] >>> [apiv2][query] GET https://firebase.googleapis.com/v1beta1/projects/surtido-almacen [none]
[debug] [2026-08-10T15:56:53.788Z] <<< [apiv2][status] GET https://firebase.googleapis.com/v1beta1/projects/surtido-almacen 403
[debug] [2026-08-10T15:56:53.788Z] <<< [apiv2][body] GET https://firebase.googleapis.com/v1beta1/projects/surtido-almacen {"error":{"code":403,"message":"The caller does not have permission","status":"PERMISSION_DENIED"}}
[debug] [2026-08-10T15:56:53.789Z] Request to https://firebase.googleapis.com/v1beta1/projects/surtido-almacen had HTTP Error: 403, The caller does not have permission
[debug] [2026-08-10T15:56:53.946Z] FirebaseError: Request to https://firebase.googleapis.com/v1beta1/projects/surtido-almacen had HTTP Error: 403, The caller does not have permission
    at responseToError (C:\Users\Accesorizate1\AppData\Local\npm-cache\_npx\7750544ccf494d8b\node_modules\firebase-tools\lib\responseToError.js:53:12)
    at RetryOperation._fn (C:\Users\Accesorizate1\AppData\Local\npm-cache\_npx\7750544ccf494d8b\node_modules\firebase-tools\lib\apiv2.js:415:77)
    at process.processTicksAndRejections (node:internal/process/task_queues:104:5)
[error] 
[error] Error: Failed to get Firebase project surtido-almacen. Please make sure the project exists and your account has permission to access it.
